// Jest Snapshot v1, https://goo.gl/fbAQLP

exports[`Single Input Textfield renders correctly 1`] = `
<div
  aria-owns={null}
  className="MuiAutocomplete-root MuiAutocomplete-hasClearIcon css-16awh2u-MuiAutocomplete-root"
  onClick={[Function]}
  onKeyDown={[Function]}
  onMouseDown={[Function]}
>
  <div
    className="MuiFormControl-root MuiFormControl-fullWidth MuiTextField-root css-jfip22-MuiFormControl-root-MuiTextField-root"
  >
    <div
      className="MuiOutlinedInput-root MuiInputBase-root MuiInputBase-colorPrimary MuiInputBase-fullWidth MuiInputBase-formControl MuiInputBase-adornedEnd MuiAutocomplete-inputRoot css-154xyx0-MuiInputBase-root-MuiOutlinedInput-root"
      onClick={[Function]}
    >
      <input
        aria-activedescendant={null}
        aria-autocomplete="list"
        aria-expanded={false}
        aria-invalid={false}
        autoCapitalize="none"
        autoComplete="off"
        autoFocus={false}
        className="MuiOutlinedInput-input MuiInputBase-input MuiInputBase-inputAdornedEnd MuiAutocomplete-input MuiAutocomplete-inputFocused css-nxo287-MuiInputBase-input-MuiOutlinedInput-input"
        disabled={false}
        id=":r0:"
        onAnimationStart={[Function]}
        onBlur={[Function]}
        onChange={[Function]}
        onFocus={[Function]}
        onMouseDown={[Function]}
        placeholder="Hello world"
        readOnly={false}
        required={false}
        role="combobox"
        spellCheck="false"
        type="text"
        value=""
      />
      <div
        className="MuiAutocomplete-endAdornment css-1q60rmi-MuiAutocomplete-endAdornment"
      >
        <button
          aria-label="Clear"
          className="MuiButtonBase-root MuiIconButton-root MuiIconButton-sizeMedium MuiAutocomplete-clearIndicator css-1glvl0p-MuiButtonBase-root-MuiIconButton-root-MuiAutocomplete-clearIndicator"
          disabled={false}
          onBlur={[Function]}
          onClick={[Function]}
          onContextMenu={[Function]}
          onDragLeave={[Function]}
          onFocus={[Function]}
          onKeyDown={[Function]}
          onKeyUp={[Function]}
          onMouseDown={[Function]}
          onMouseLeave={[Function]}
          onMouseUp={[Function]}
          onTouchEnd={[Function]}
          onTouchMove={[Function]}
          onTouchStart={[Function]}
          tabIndex={-1}
          title="Clear"
          type="button"
        >
          <svg
            aria-hidden={true}
            className="MuiSvgIcon-root MuiSvgIcon-fontSizeSmall css-ptiqhd-MuiSvgIcon-root"
            data-testid="CloseIcon"
            focusable="false"
            viewBox="0 0 24 24"
          >
            <path
              d="M19 6.41L17.59 5 12 10.59 6.41 5 5 6.41 10.59 12 5 17.59 6.41 19 12 13.41 17.59 19 19 17.59 13.41 12z"
            />
          </svg>
        </button>
      </div>
      <fieldset
        aria-hidden={true}
        className="MuiOutlinedInput-notchedOutline css-1d3z3hw-MuiOutlinedInput-notchedOutline"
      >
        <legend
          className="css-hdw1oc"
        >
          <span
            className="notranslate"
          >
            â€‹
          </span>
        </legend>
      </fieldset>
    </div>
  </div>
</div>
`;
