// Jest Snapshot v1, https://goo.gl/fbAQLP

exports[`Saved Jobs Page Saved Jobs Page snapshot 1`] = `
<div
  className="MuiBox-root css-g5z60l"
  data-testid="home-template"
>
  <header
    className="MuiPaper-root MuiPaper-elevation MuiPaper-elevation0 MuiAppBar-root MuiAppBar-colorSecondary MuiAppBar-positionFixed mui-fixed css-va8nif-MuiPaper-root-MuiAppBar-root"
  >
    <div
      className="MuiContainer-root MuiContainer-maxWidthXl css-9pe1zp-MuiContainer-root"
    >
      <div
        className="MuiGrid-root MuiGrid-container css-1kpcvx6-MuiGrid-root"
      >
        <div
          className="MuiGrid-root MuiGrid-item MuiGrid-grid-xs-3 MuiGrid-grid-lg-3 MuiGrid-grid-xl-3 css-1equabv-MuiGrid-root"
        >
          <img
            alt="Logo"
            data-testid="logo"
            src="logoWhite.png"
          />
        </div>
        <div
          className="MuiGrid-root MuiGrid-item MuiGrid-grid-xs-6 MuiGrid-grid-lg-6 MuiGrid-grid-xl-5 css-1c49gy6-MuiGrid-root"
        >
          <div
            className="MuiBox-root css-0"
          >
            <div
              className="MuiFormControl-root MuiTextField-root css-ozplz9-MuiFormControl-root-MuiTextField-root"
              data-testid="textfield-loc"
            >
              <div
                className="MuiInput-root MuiInput-underline MuiInputBase-root MuiInputBase-colorPrimary MuiInputBase-formControl MuiInputBase-adornedStart css-1ptx2yq-MuiInputBase-root-MuiInput-root"
                onClick={[Function]}
              >
                <div
                  className="MuiInputAdornment-root MuiInputAdornment-positionStart MuiInputAdornment-standard MuiInputAdornment-sizeMedium css-ittuaa-MuiInputAdornment-root"
                >
                  <span
                    className="notranslate"
                  >
                    â€‹
                  </span>
                  <svg
                    aria-hidden={true}
                    className="MuiSvgIcon-root MuiSvgIcon-fontSizeMedium css-i4bv87-MuiSvgIcon-root"
                    color="transparent"
                    data-testid="SVGIcon"
                    focusable="false"
                  >
                    locationIconWhite.svg
                  </svg>
                </div>
                <input
                  aria-invalid={false}
                  autoFocus={false}
                  className="MuiInput-input MuiInputBase-input MuiInputBase-inputAdornedStart makeStyles-input-1 css-1x51dt5-MuiInputBase-input-MuiInput-input"
                  defaultValue="Mumbai, MP, India"
                  disabled={false}
                  id="input-with-icon-textfield"
                  onAnimationStart={[Function]}
                  onBlur={[Function]}
                  onChange={[Function]}
                  onFocus={[Function]}
                  required={false}
                  type="text"
                />
              </div>
            </div>
          </div>
        </div>
        <div
          className="MuiGrid-root MuiGrid-item MuiGrid-grid-xs-true MuiGrid-grid-lg-true MuiGrid-grid-xl-4 css-q0ct51-MuiGrid-root"
        >
          <div
            className="MuiGrid-root MuiGrid-container MuiGrid-spacing-xs-5 css-i4k12k-MuiGrid-root"
          >
            <div
              className="MuiGrid-root MuiGrid-item css-13i4rnv-MuiGrid-root"
            >
              <img
                alt="Logo"
                data-testid="logo"
                src="message.png"
              />
            </div>
            <div
              className="MuiGrid-root MuiGrid-item css-13i4rnv-MuiGrid-root"
            >
              <img
                alt="Logo"
                data-testid="logo"
                src="notificationIcon.png"
              />
            </div>
            <div
              className="MuiGrid-root MuiGrid-item css-13i4rnv-MuiGrid-root"
            >
              <div
                className="MuiAvatar-root MuiAvatar-circular css-1wlk0hk-MuiAvatar-root"
              >
                <img
                  alt="user-profile"
                  className="MuiAvatar-img css-1pqm26d-MuiAvatar-img"
                  src="user-img.png"
                />
              </div>
            </div>
          </div>
        </div>
      </div>
    </div>
  </header>
  <div
    className="MuiGrid-root MuiGrid-container MuiGrid-spacing-xs-3 css-1ydae4n-MuiGrid-root"
  >
    <div
      className="MuiGrid-root MuiGrid-item MuiGrid-grid-xl-2 css-1rhgqr5-MuiGrid-root"
    >
      <div
        className="MuiDrawer-root MuiDrawer-docked css-3fylg0-MuiDrawer-docked"
      >
        <div
          className="MuiPaper-root MuiPaper-elevation MuiPaper-elevation0 MuiDrawer-paper MuiDrawer-paperAnchorLeft MuiDrawer-paperAnchorDockedLeft css-12i7wg6-MuiPaper-root-MuiDrawer-paper"
        >
          <div
            className="MuiBox-root css-1gz3xcg"
          >
            <div
              className="MuiBox-root css-0"
            >
              <div
                className="MuiGrid-root MuiGrid-item MuiGrid-grid-xs-2 css-1shkb9i-MuiGrid-root"
                data-testid="menuData1001"
                onClick={[Function]}
              >
                <div
                  className="css-1xhj18k"
                >
                  <li
                    className="MuiMenuItem-root MuiMenuItem-gutters MuiButtonBase-root css-1i5bm7i-MuiButtonBase-root-MuiMenuItem-root"
                    onBlur={[Function]}
                    onContextMenu={[Function]}
                    onDragLeave={[Function]}
                    onFocus={[Function]}
                    onKeyDown={[Function]}
                    onKeyUp={[Function]}
                    onMouseDown={[Function]}
                    onMouseLeave={[Function]}
                    onMouseUp={[Function]}
                    onTouchEnd={[Function]}
                    onTouchMove={[Function]}
                    onTouchStart={[Function]}
                    role="menuitem"
                    selected={false}
                    tabIndex={-1}
                  >
                    <div
                      className="MuiListItemIcon-root css-qo2hbe-MuiListItemIcon-root"
                      style={
                        Object {
                          "alignItems": "center",
                          "backgroundColor": "#F7F7F7",
                          "borderRadius": "50%",
                          "display": "flex",
                          "height": "40px",
                          "justifyContent": "center",
                          "marginRight": "8px",
                          "width": "40px",
                        }
                      }
                    >
                      <svg
                        aria-hidden={true}
                        className="MuiSvgIcon-root MuiSvgIcon-fontSizeMedium css-i4bv87-MuiSvgIcon-root"
                        data-testid="SVGIcon"
                        focusable="false"
                      >
                        Dashboard.svg
                      </svg>
                    </div>
                    <p
                      className="MuiTypography-root MuiTypography-body2 css-e784if-MuiTypography-root"
                      style={
                        Object {
                          "color": "#373C38",
                        }
                      }
                    >
                      Dashboard
                    </p>
                  </li>
                </div>
              </div>
              <div
                className="MuiGrid-root MuiGrid-item MuiGrid-grid-xs-2 css-1shkb9i-MuiGrid-root"
                data-testid="menuData1002"
                onClick={[Function]}
              >
                <div
                  className="css-1xhj18k"
                >
                  <li
                    className="MuiMenuItem-root MuiMenuItem-gutters Mui-selected MuiButtonBase-root css-1i5bm7i-MuiButtonBase-root-MuiMenuItem-root"
                    onBlur={[Function]}
                    onContextMenu={[Function]}
                    onDragLeave={[Function]}
                    onFocus={[Function]}
                    onKeyDown={[Function]}
                    onKeyUp={[Function]}
                    onMouseDown={[Function]}
                    onMouseLeave={[Function]}
                    onMouseUp={[Function]}
                    onTouchEnd={[Function]}
                    onTouchMove={[Function]}
                    onTouchStart={[Function]}
                    role="menuitem"
                    selected={true}
                    tabIndex={-1}
                  >
                    <div
                      className="MuiListItemIcon-root css-qo2hbe-MuiListItemIcon-root"
                      style={
                        Object {
                          "alignItems": "center",
                          "backgroundColor": "transparent",
                          "borderRadius": "50%",
                          "display": "flex",
                          "height": "40px",
                          "justifyContent": "center",
                          "marginRight": "8px",
                          "width": "40px",
                        }
                      }
                    >
                      <svg
                        aria-hidden={true}
                        className="MuiSvgIcon-root MuiSvgIcon-fontSizeMedium css-i4bv87-MuiSvgIcon-root"
                        data-testid="SVGIcon"
                        focusable="false"
                      >
                        findJobs.svg
                      </svg>
                    </div>
                    <p
                      className="MuiTypography-root MuiTypography-body2 css-e784if-MuiTypography-root"
                      style={
                        Object {
                          "color": "#30A193",
                        }
                      }
                    >
                      Find Jobs
                    </p>
                  </li>
                  <div
                    className="MuiBox-root css-1fefptr"
                  />
                </div>
              </div>
              <div
                className="MuiGrid-root MuiGrid-item MuiGrid-grid-xs-2 css-1shkb9i-MuiGrid-root"
                data-testid="menuData1003"
                onClick={[Function]}
              >
                <div
                  className="css-1xhj18k"
                >
                  <li
                    className="MuiMenuItem-root MuiMenuItem-gutters MuiButtonBase-root css-1i5bm7i-MuiButtonBase-root-MuiMenuItem-root"
                    onBlur={[Function]}
                    onContextMenu={[Function]}
                    onDragLeave={[Function]}
                    onFocus={[Function]}
                    onKeyDown={[Function]}
                    onKeyUp={[Function]}
                    onMouseDown={[Function]}
                    onMouseLeave={[Function]}
                    onMouseUp={[Function]}
                    onTouchEnd={[Function]}
                    onTouchMove={[Function]}
                    onTouchStart={[Function]}
                    role="menuitem"
                    selected={false}
                    tabIndex={-1}
                  >
                    <div
                      className="MuiListItemIcon-root css-qo2hbe-MuiListItemIcon-root"
                      style={
                        Object {
                          "alignItems": "center",
                          "backgroundColor": "#F7F7F7",
                          "borderRadius": "50%",
                          "display": "flex",
                          "height": "40px",
                          "justifyContent": "center",
                          "marginRight": "8px",
                          "width": "40px",
                        }
                      }
                    >
                      <svg
                        aria-hidden={true}
                        className="MuiSvgIcon-root MuiSvgIcon-fontSizeMedium css-i4bv87-MuiSvgIcon-root"
                        data-testid="SVGIcon"
                        focusable="false"
                      >
                        SavedJobs.svg
                      </svg>
                    </div>
                    <p
                      className="MuiTypography-root MuiTypography-body2 css-e784if-MuiTypography-root"
                      style={
                        Object {
                          "color": "#373C38",
                        }
                      }
                    >
                      Saved Jobs
                    </p>
                  </li>
                </div>
              </div>
              <div
                className="MuiGrid-root MuiGrid-item MuiGrid-grid-xs-2 css-1shkb9i-MuiGrid-root"
                data-testid="menuData1004"
                onClick={[Function]}
              >
                <div
                  className="css-1xhj18k"
                >
                  <li
                    className="MuiMenuItem-root MuiMenuItem-gutters MuiButtonBase-root css-1i5bm7i-MuiButtonBase-root-MuiMenuItem-root"
                    onBlur={[Function]}
                    onContextMenu={[Function]}
                    onDragLeave={[Function]}
                    onFocus={[Function]}
                    onKeyDown={[Function]}
                    onKeyUp={[Function]}
                    onMouseDown={[Function]}
                    onMouseLeave={[Function]}
                    onMouseUp={[Function]}
                    onTouchEnd={[Function]}
                    onTouchMove={[Function]}
                    onTouchStart={[Function]}
                    role="menuitem"
                    selected={false}
                    tabIndex={-1}
                  >
                    <div
                      className="MuiListItemIcon-root css-qo2hbe-MuiListItemIcon-root"
                      style={
                        Object {
                          "alignItems": "center",
                          "backgroundColor": "#F7F7F7",
                          "borderRadius": "50%",
                          "display": "flex",
                          "height": "40px",
                          "justifyContent": "center",
                          "marginRight": "8px",
                          "width": "40px",
                        }
                      }
                    >
                      <svg
                        aria-hidden={true}
                        className="MuiSvgIcon-root MuiSvgIcon-fontSizeMedium css-i4bv87-MuiSvgIcon-root"
                        data-testid="SVGIcon"
                        focusable="false"
                      >
                        PracticeTests.svg
                      </svg>
                    </div>
                    <p
                      className="MuiTypography-root MuiTypography-body2 css-e784if-MuiTypography-root"
                      style={
                        Object {
                          "color": "#373C38",
                        }
                      }
                    >
                      Practice Tests
                    </p>
                  </li>
                </div>
              </div>
              <div
                className="MuiGrid-root MuiGrid-item MuiGrid-grid-xs-2 css-1shkb9i-MuiGrid-root"
                data-testid="menuData1005"
                onClick={[Function]}
              >
                <div
                  className="css-1xhj18k"
                >
                  <li
                    className="MuiMenuItem-root MuiMenuItem-gutters MuiButtonBase-root css-1i5bm7i-MuiButtonBase-root-MuiMenuItem-root"
                    onBlur={[Function]}
                    onContextMenu={[Function]}
                    onDragLeave={[Function]}
                    onFocus={[Function]}
                    onKeyDown={[Function]}
                    onKeyUp={[Function]}
                    onMouseDown={[Function]}
                    onMouseLeave={[Function]}
                    onMouseUp={[Function]}
                    onTouchEnd={[Function]}
                    onTouchMove={[Function]}
                    onTouchStart={[Function]}
                    role="menuitem"
                    selected={false}
                    tabIndex={-1}
                  >
                    <div
                      className="MuiListItemIcon-root css-qo2hbe-MuiListItemIcon-root"
                      style={
                        Object {
                          "alignItems": "center",
                          "backgroundColor": "#F7F7F7",
                          "borderRadius": "50%",
                          "display": "flex",
                          "height": "40px",
                          "justifyContent": "center",
                          "marginRight": "8px",
                          "width": "40px",
                        }
                      }
                    >
                      <svg
                        aria-hidden={true}
                        className="MuiSvgIcon-root MuiSvgIcon-fontSizeMedium css-i4bv87-MuiSvgIcon-root"
                        data-testid="SVGIcon"
                        focusable="false"
                      >
                        NewsAndEvents.svg
                      </svg>
                    </div>
                    <p
                      className="MuiTypography-root MuiTypography-body2 css-e784if-MuiTypography-root"
                      style={
                        Object {
                          "color": "#373C38",
                        }
                      }
                    >
                      News & Events
                    </p>
                  </li>
                </div>
              </div>
            </div>
            <hr
              className="css-1ib9gzk"
            />
            <div
              className="MuiBox-root css-0"
            >
              <div
                className="MuiGrid-root MuiGrid-item MuiGrid-grid-xs-2 css-1shkb9i-MuiGrid-root"
                data-testid="menuData1006"
              >
                <div
                  className="css-1xhj18k"
                >
                  <li
                    className="MuiMenuItem-root MuiMenuItem-gutters MuiButtonBase-root css-1i5bm7i-MuiButtonBase-root-MuiMenuItem-root"
                    onBlur={[Function]}
                    onContextMenu={[Function]}
                    onDragLeave={[Function]}
                    onFocus={[Function]}
                    onKeyDown={[Function]}
                    onKeyUp={[Function]}
                    onMouseDown={[Function]}
                    onMouseLeave={[Function]}
                    onMouseUp={[Function]}
                    onTouchEnd={[Function]}
                    onTouchMove={[Function]}
                    onTouchStart={[Function]}
                    role="menuitem"
                    selected={false}
                    tabIndex={-1}
                  >
                    <div
                      className="MuiListItemIcon-root css-qo2hbe-MuiListItemIcon-root"
                      style={
                        Object {
                          "alignItems": "center",
                          "backgroundColor": "#F7F7F7",
                          "borderRadius": "50%",
                          "display": "flex",
                          "height": "40px",
                          "justifyContent": "center",
                          "marginRight": "8px",
                          "width": "40px",
                        }
                      }
                    >
                      <svg
                        aria-hidden={true}
                        className="MuiSvgIcon-root MuiSvgIcon-fontSizeMedium css-i4bv87-MuiSvgIcon-root"
                        data-testid="SVGIcon"
                        focusable="false"
                      >
                        NeedHelp.svg
                      </svg>
                    </div>
                    <p
                      className="MuiTypography-root MuiTypography-body2 css-e784if-MuiTypography-root"
                      style={
                        Object {
                          "color": "#373C38",
                        }
                      }
                    >
                      Need Help ?
                    </p>
                  </li>
                </div>
              </div>
              <div
                className="MuiGrid-root MuiGrid-item MuiGrid-grid-xs-2 css-1shkb9i-MuiGrid-root"
                data-testid="menuData1007"
              >
                <div
                  className="css-1xhj18k"
                >
                  <li
                    className="MuiMenuItem-root MuiMenuItem-gutters MuiButtonBase-root css-1i5bm7i-MuiButtonBase-root-MuiMenuItem-root"
                    onBlur={[Function]}
                    onContextMenu={[Function]}
                    onDragLeave={[Function]}
                    onFocus={[Function]}
                    onKeyDown={[Function]}
                    onKeyUp={[Function]}
                    onMouseDown={[Function]}
                    onMouseLeave={[Function]}
                    onMouseUp={[Function]}
                    onTouchEnd={[Function]}
                    onTouchMove={[Function]}
                    onTouchStart={[Function]}
                    role="menuitem"
                    selected={false}
                    tabIndex={-1}
                  >
                    <div
                      className="MuiListItemIcon-root css-qo2hbe-MuiListItemIcon-root"
                      style={
                        Object {
                          "alignItems": "center",
                          "backgroundColor": "#F7F7F7",
                          "borderRadius": "50%",
                          "display": "flex",
                          "height": "40px",
                          "justifyContent": "center",
                          "marginRight": "8px",
                          "width": "40px",
                        }
                      }
                    >
                      <svg
                        aria-hidden={true}
                        className="MuiSvgIcon-root MuiSvgIcon-fontSizeMedium css-i4bv87-MuiSvgIcon-root"
                        data-testid="SVGIcon"
                        focusable="false"
                      >
                        ContactUs.svg
                      </svg>
                    </div>
                    <p
                      className="MuiTypography-root MuiTypography-body2 css-e784if-MuiTypography-root"
                      style={
                        Object {
                          "color": "#373C38",
                        }
                      }
                    >
                      Contact Us
                    </p>
                  </li>
                </div>
              </div>
              <div
                className="MuiGrid-root MuiGrid-item MuiGrid-grid-xs-2 css-1shkb9i-MuiGrid-root"
                data-testid="menuData1008"
              >
                <div
                  className="css-1xhj18k"
                >
                  <li
                    className="MuiMenuItem-root MuiMenuItem-gutters MuiButtonBase-root css-1i5bm7i-MuiButtonBase-root-MuiMenuItem-root"
                    onBlur={[Function]}
                    onContextMenu={[Function]}
                    onDragLeave={[Function]}
                    onFocus={[Function]}
                    onKeyDown={[Function]}
                    onKeyUp={[Function]}
                    onMouseDown={[Function]}
                    onMouseLeave={[Function]}
                    onMouseUp={[Function]}
                    onTouchEnd={[Function]}
                    onTouchMove={[Function]}
                    onTouchStart={[Function]}
                    role="menuitem"
                    selected={false}
                    tabIndex={-1}
                  >
                    <div
                      className="MuiListItemIcon-root css-qo2hbe-MuiListItemIcon-root"
                      style={
                        Object {
                          "alignItems": "center",
                          "backgroundColor": "#F7F7F7",
                          "borderRadius": "50%",
                          "display": "flex",
                          "height": "40px",
                          "justifyContent": "center",
                          "marginRight": "8px",
                          "width": "40px",
                        }
                      }
                    >
                      <svg
                        aria-hidden={true}
                        className="MuiSvgIcon-root MuiSvgIcon-fontSizeMedium css-i4bv87-MuiSvgIcon-root"
                        data-testid="SVGIcon"
                        focusable="false"
                      >
                        Settings.svg
                      </svg>
                    </div>
                    <p
                      className="MuiTypography-root MuiTypography-body2 css-e784if-MuiTypography-root"
                      style={
                        Object {
                          "color": "#373C38",
                        }
                      }
                    >
                      Settings
                    </p>
                  </li>
                </div>
              </div>
            </div>
          </div>
        </div>
      </div>
    </div>
    <div
      className="MuiGrid-root MuiGrid-item MuiGrid-grid-xl-10 css-l4c95d-MuiGrid-root"
    >
      <div
        className="MuiGrid-root MuiGrid-container css-dtkdpc-MuiGrid-root"
      >
        <div
          className="MuiGrid-root MuiGrid-item MuiGrid-grid-xs-9 MuiGrid-grid-lg-9 css-1qpzhgb-MuiGrid-root"
        >
          <h2
            className="MuiTypography-root MuiTypography-h2 css-1sra7t5-MuiTypography-root"
          >
            Saved Jobs
          </h2>
        </div>
      </div>
      <div
        className="MuiGrid-root MuiGrid-container css-7e88z2-MuiGrid-root"
      >
        <div
          className="MuiGrid-root MuiGrid-container css-11lq3yg-MuiGrid-root"
        >
          <div
            className="MuiGrid-root MuiGrid-item MuiGrid-grid-xs-12 css-1idn90j-MuiGrid-root"
          >
            <div
              className="MuiGrid-root MuiGrid-container css-11lq3yg-MuiGrid-root"
            />
          </div>
        </div>
      </div>
    </div>
  </div>
</div>
`;
